2026-09-03 18:28:59.458 [info] [main] Log level: Info
2026-09-03 18:28:59.462 [info] [main] Validating found git in: "/usr/bin/git"
2026-09-03 18:28:59.508 [info] [main] Using git "2.39.5 (Apple Git-154)" from "/usr/bin/git"
2026-09-03 18:28:59.508 [info] [Model][doInitialScan] Initial repository scan started
2026-09-03 18:28:59.532 [info] > git rev-parse --show-toplevel [22ms]
2026-09-03 18:28:59.547 [info] > git rev-parse --git-dir --git-common-dir --show-superproject-working-tree [14ms]
2026-09-03 18:28:59.552 [info] [Model][openRepository] Opened repository (path): /Users/aanya/Downloads/Praksh-Academy
2026-09-03 18:28:59.552 [info] [Model][openRepository] Opened repository (real path): /Users/aanya/Downloads/Praksh-Academy
2026-09-03 18:28:59.552 [info] [Model][openRepository] Opened repository (kind): repository
2026-09-03 18:28:59.565 [info] > git rev-parse --show-toplevel [10ms]
2026-09-03 18:28:59.565 [info] > git config --get commit.template [11ms]
2026-09-03 18:28:59.566 [info] > git config --get --local core.virtualfilesystem [12ms]
2026-09-03 18:28:59.566 [warning] [Git][config] git config failed: Failed to execute git
2026-09-03 18:28:59.569 [info] > git for-each-ref --format=%(refname)%00%(upstream:short)%00%(objectname)%00%(upstream:track)%00%(upstream:remotename)%00%(upstream:remoteref) --ignore-case refs/heads/main refs/remotes/main [12ms]
2026-09-03 18:28:59.574 [info] > git rev-parse --show-toplevel [9ms]
2026-09-03 18:28:59.581 [info] > git for-each-ref --sort -committerdate --format %(refname)%00%(objectname)%00%(*objectname) [10ms]
2026-09-03 18:28:59.585 [info] > git status -z -uall [16ms]
2026-09-03 18:28:59.594 [info] > git rev-parse --show-toplevel [20ms]
2026-09-03 18:28:59.608 [info] > git config --get commit.template [14ms]
2026-09-03 18:28:59.608 [info] > git rev-parse --show-toplevel [13ms]
2026-09-03 18:28:59.609 [info] > git for-each-ref --format=%(refname)%00%(upstream:short)%00%(objectname)%00%(upstream:track)%00%(upstream:remotename)%00%(upstream:remoteref) --ignore-case refs/heads/main refs/remotes/main [16ms]
2026-09-03 18:28:59.611 [info] > git for-each-ref --format=%(refname)%00%(upstream:short)%00%(objectname)%00%(upstream:track)%00%(upstream:remotename)%00%(upstream:remoteref) --ignore-case refs/heads/main refs/remotes/main [16ms]
2026-09-03 18:28:59.622 [info] > git rev-parse --show-toplevel [14ms]
2026-09-03 18:28:59.623 [info] > git config --get --local branch.main.vscode-merge-base [13ms]
2026-09-03 18:28:59.623 [warning] [Git][config] git config failed: Failed to execute git
2026-09-03 18:28:59.625 [info] > git for-each-ref --sort -committerdate --format %(refname)%00%(objectname)%00%(*objectname) [13ms]
2026-09-03 18:28:59.626 [info] > git status -z -uall [14ms]
2026-09-03 18:28:59.633 [info] > git rev-parse --show-toplevel [10ms]
2026-09-03 18:28:59.656 [info] > git reflog main --grep-reflog=branch: Created from *. [32ms]
2026-09-03 18:28:59.657 [info] > git rev-parse --show-toplevel [23ms]
2026-09-03 18:28:59.668 [info] > git rev-parse --show-toplevel [10ms]
2026-09-03 18:28:59.668 [info] > git symbolic-ref --short refs/remotes/origin/HEAD [12ms]
2026-09-03 18:28:59.668 [info] fatal: ref refs/remotes/origin/HEAD is not a symbolic ref
2026-09-03 18:28:59.668 [warning] [Repository][getDefaultBranch] Failed to get default branch details: Failed to execute git.
2026-09-03 18:28:59.678 [info] > git rev-parse --show-toplevel [10ms]
2026-09-03 18:28:59.679 [info] > git merge-base refs/heads/main refs/remotes/origin/main [10ms]
2026-09-03 18:28:59.679 [info] > git merge-base refs/heads/main refs/remotes/origin/main [10ms]
2026-09-03 18:28:59.689 [info] > git rev-parse --show-toplevel [10ms]
2026-09-03 18:28:59.690 [info] > git diff --raw --numstat --diff-filter=ADMR -z --find-renames=50% a3fe5cd7612a088ba95e07179f6eff747ff12275...refs/remotes/origin/main -- [11ms]
2026-09-03 18:28:59.690 [info] > git diff --raw --numstat --diff-filter=ADMR -z --find-renames=50% a3fe5cd7612a088ba95e07179f6eff747ff12275...refs/remotes/origin/main -- [10ms]
2026-09-03 18:28:59.698 [info] > git rev-parse --show-toplevel [8ms]
2026-09-03 18:28:59.708 [info] > git rev-parse --show-toplevel [8ms]
2026-09-03 18:28:59.718 [info] > git rev-parse --show-toplevel [9ms]
2026-09-03 18:28:59.728 [info] > git rev-parse --show-toplevel [9ms]
2026-09-03 18:28:59.736 [info] > git rev-parse --show-toplevel [8ms]
2026-09-03 18:28:59.745 [info] > git rev-parse --show-toplevel [8ms]
2026-09-03 18:28:59.756 [info] > git rev-parse --show-toplevel [10ms]
2026-09-03 18:28:59.764 [info] > git rev-parse --show-toplevel [8ms]
2026-09-03 18:28:59.772 [info] > git rev-parse --show-toplevel [7ms]
2026-09-03 18:28:59.782 [info] > git rev-parse --show-toplevel [8ms]
2026-09-03 18:28:59.791 [info] > git rev-parse --show-toplevel [9ms]
2026-09-03 18:28:59.799 [info] > git rev-parse --show-toplevel [8ms]
2026-09-03 18:28:59.807 [info] > git rev-parse --show-toplevel [8ms]
2026-09-03 18:28:59.807 [info] [Model][doInitialScan] Initial repository scan completed - repositories (1), closed repositories (0), parent repositories (0), unsafe repositories (0)
2026-09-03 18:28:59.863 [info] > git check-ignore -v -z --stdin [8ms]
2026-09-03 18:28:59.873 [info] > git ls-files --stage -- S10_A01.py [8ms]
2026-09-03 18:28:59.874 [info] > git show --textconv :S10_A01.py [9ms]
2026-09-03 18:28:59.883 [info] > git cat-file -s 9cbefcc476eceaba71076d868315479ca7e7caec [9ms]
2026-09-03 18:28:59.902 [info] > git blame --root --incremental a3fe5cd7612a088ba95e07179f6eff747ff12275 -- S10_A01.py [13ms]
2026-09-03 18:29:00.072 [info] > git check-ignore -v -z --stdin [12ms]
2026-09-03 18:29:00.940 [info] > git check-ignore -v -z --stdin [12ms]
2026-09-03 18:32:28.444 [info] > git log --oneline --cherry main...main@{upstream} -- [29ms]
2026-09-03 18:32:29.369 [info] > git pull --tags origin main [922ms]
2026-09-03 18:32:29.369 [info] From https://github.com/aanyagoyal28-crypto/Praksh-Academy
 * branch            main       -> FETCH_HEAD
   a3fe5cd..fb80b27  main       -> origin/main
error: Your local changes to the following files would be overwritten by merge:
	Session_19_Joins_Python_Databases/class.py
Please commit your changes or stash them before you merge.
Aborting
2026-09-03 18:32:29.382 [info] > git config --get commit.template [13ms]
2026-09-03 18:32:29.383 [info] > git for-each-ref --format=%(refname)%00%(upstream:short)%00%(objectname)%00%(upstream:track)%00%(upstream:remotename)%00%(upstream:remoteref) --ignore-case refs/heads/main refs/remotes/main [13ms]
2026-09-03 18:32:29.394 [info] > git for-each-ref --sort -committerdate --format %(refname)%00%(objectname)%00%(*objectname) [10ms]
2026-09-03 18:32:29.399 [info] > git status -z -uall [15ms]
2026-09-03 18:32:29.439 [info] > git merge-base refs/heads/main refs/remotes/origin/main [38ms]
2026-09-03 18:32:29.455 [info] > git diff --raw --numstat --diff-filter=ADMR -z --find-renames=50% a3fe5cd7612a088ba95e07179f6eff747ff12275...refs/remotes/origin/main -- [15ms]
2026-09-03 18:32:29.721 [info] > git check-ignore -v -z --stdin [15ms]
2026-09-03 18:32:30.470 [info] > git config --get commit.template [22ms]
2026-09-03 18:32:30.471 [info] > git for-each-ref --format=%(refname)%00%(upstream:short)%00%(objectname)%00%(upstream:track)%00%(upstream:remotename)%00%(upstream:remoteref) --ignore-case refs/heads/main refs/remotes/main [21ms]
2026-09-03 18:32:30.490 [info] > git for-each-ref --sort -committerdate --format %(refname)%00%(objectname)%00%(*objectname) [17ms]
2026-09-03 18:32:30.491 [info] > git status -z -uall [19ms]
2026-09-03 18:32:30.562 [info] > git ls-files --stage -- S10_A01.py [15ms]
2026-09-03 18:32:30.576 [info] > git cat-file -s 9cbefcc476eceaba71076d868315479ca7e7caec [14ms]
2026-09-03 18:32:30.592 [info] > git show --textconv :S10_A01.py [14ms]
2026-09-03 18:32:30.817 [info] > git check-ignore -v -z --stdin [19ms]
2026-09-03 18:33:11.192 [info] > git log --format=%H%n%aN%n%aE%n%at%n%ct%n%P%n%D%n%B -z --shortstat --diff-merges=first-parent -n50 --skip=0 --topo-order --decorate=full --stdin [155ms]
2026-09-03 18:33:11.624 [info] > git check-ignore -v -z --stdin [27ms]
2026-09-03 18:33:12.170 [info] > git merge-base main origin/main [14ms]
2026-09-03 18:33:14.053 [info] > git check-ignore -v -z --stdin [23ms]
2026-09-03 18:33:18.499 [info] > git add -A -- Session_19_Joins_Python_Databases/class.py [23ms]
2026-09-03 18:33:18.516 [info] > git config --get commit.template [16ms]
2026-09-03 18:33:18.517 [info] > git for-each-ref --format=%(refname)%00%(upstream:short)%00%(objectname)%00%(upstream:track)%00%(upstream:remotename)%00%(upstream:remoteref) --ignore-case refs/heads/main refs/remotes/main [16ms]
2026-09-03 18:33:18.532 [info] > git for-each-ref --sort -committerdate --format %(refname)%00%(objectname)%00%(*objectname) [13ms]
2026-09-03 18:33:18.533 [info] > git status -z -uall [15ms]
2026-09-03 18:33:18.862 [info] > git check-ignore -v -z --stdin [22ms]
2026-09-03 18:33:19.924 [info] > git add -A -- Session 18_Asking_Questions_in_SQL/practice.py [27ms]
2026-09-03 18:33:19.939 [info] > git config --get commit.template [14ms]
2026-09-03 18:33:19.941 [info] > git for-each-ref --format=%(refname)%00%(upstream:short)%00%(objectname)%00%(upstream:track)%00%(upstream:remotename)%00%(upstream:remoteref) --ignore-case refs/heads/main refs/remotes/main [15ms]
2026-09-03 18:33:19.957 [info] > git for-each-ref --sort -committerdate --format %(refname)%00%(objectname)%00%(*objectname) [14ms]
2026-09-03 18:33:19.958 [info] > git status -z -uall [16ms]
2026-09-03 18:33:20.287 [info] > git check-ignore -v -z --stdin [22ms]
2026-09-03 18:33:21.677 [info] > git add -A -- Session 16_Capstone_Project/capstone_project.py [25ms]
2026-09-03 18:33:21.694 [info] > git config --get commit.template [15ms]
2026-09-03 18:33:21.695 [info] > git for-each-ref --format=%(refname)%00%(upstream:short)%00%(objectname)%00%(upstream:track)%00%(upstream:remotename)%00%(upstream:remoteref) --ignore-case refs/heads/main refs/remotes/main [16ms]
2026-09-03 18:33:21.709 [info] > git for-each-ref --sort -committerdate --format %(refname)%00%(objectname)%00%(*objectname) [13ms]
2026-09-03 18:33:21.710 [info] > git status -z -uall [14ms]
2026-09-03 18:33:22.056 [info] > git check-ignore -v -z --stdin [38ms]
2026-09-03 18:33:22.855 [info] > git add -A -- Session 16_Capstone_Project/aanya_submission.py [24ms]
2026-09-03 18:33:22.871 [info] > git config --get commit.template [15ms]
2026-09-03 18:33:22.873 [info] > git for-each-ref --format=%(refname)%00%(upstream:short)%00%(objectname)%00%(upstream:track)%00%(upstream:remotename)%00%(upstream:remoteref) --ignore-case refs/heads/main refs/remotes/main [16ms]
2026-09-03 18:33:22.888 [info] > git for-each-ref --sort -committerdate --format %(refname)%00%(objectname)%00%(*objectname) [14ms]
2026-09-03 18:33:22.889 [info] > git status -z -uall [15ms]
2026-09-03 18:33:23.213 [info] > git check-ignore -v -z --stdin [17ms]
2026-09-03 18:33:23.499 [info] > git add -A -- dummy/valid_users.txt [23ms]
2026-09-03 18:33:23.517 [info] > git config --get commit.template [17ms]
2026-09-03 18:33:23.519 [info] > git for-each-ref --format=%(refname)%00%(upstream:short)%00%(objectname)%00%(upstream:track)%00%(upstream:remotename)%00%(upstream:remoteref) --ignore-case refs/heads/main refs/remotes/main [18ms]
2026-09-03 18:33:23.532 [info] > git for-each-ref --sort -committerdate --format %(refname)%00%(objectname)%00%(*objectname) [12ms]
2026-09-03 18:33:23.533 [info] > git status -z -uall [13ms]
2026-09-03 18:33:23.862 [info] > git check-ignore -v -z --stdin [22ms]
2026-09-03 18:33:25.563 [info] > git add -A -- dummy/assignment.py [25ms]
2026-09-03 18:33:25.580 [info] > git config --get commit.template [16ms]
2026-09-03 18:33:25.581 [info] > git for-each-ref --format=%(refname)%00%(upstream:short)%00%(objectname)%00%(upstream:track)%00%(upstream:remotename)%00%(upstream:remoteref) --ignore-case refs/heads/main refs/remotes/main [16ms]
2026-09-03 18:33:25.595 [info] > git for-each-ref --sort -committerdate --format %(refname)%00%(objectname)%00%(*objectname) [12ms]
2026-09-03 18:33:25.596 [info] > git status -z -uall [14ms]
2026-09-03 18:33:25.925 [info] > git check-ignore -v -z --stdin [21ms]
2026-09-03 18:33:27.085 [info] > git add -A -- Doubt_Sessions/2026-07-29/solutions.py [25ms]
2026-09-03 18:33:27.101 [info] > git config --get commit.template [14ms]
2026-09-03 18:33:27.102 [info] > git for-each-ref --format=%(refname)%00%(upstream:short)%00%(objectname)%00%(upstream:track)%00%(upstream:remotename)%00%(upstream:remoteref) --ignore-case refs/heads/main refs/remotes/main [14ms]
2026-09-03 18:33:27.118 [info] > git for-each-ref --sort -committerdate --format %(refname)%00%(objectname)%00%(*objectname) [15ms]
2026-09-03 18:33:27.119 [info] > git status -z -uall [16ms]
2026-09-03 18:33:27.445 [info] > git check-ignore -v -z --stdin [19ms]
2026-09-03 18:33:28.067 [info] > git add -A -- Doubt_Sessions/practice.py [25ms]
2026-09-03 18:33:28.085 [info] > git config --get commit.template [17ms]
2026-09-03 18:33:28.087 [info] > git for-each-ref --format=%(refname)%00%(upstream:short)%00%(objectname)%00%(upstream:track)%00%(upstream:remotename)%00%(upstream:remoteref) --ignore-case refs/heads/main refs/remotes/main [17ms]
2026-09-03 18:33:28.099 [info] > git for-each-ref --sort -committerdate --format %(refname)%00%(objectname)%00%(*objectname) [11ms]
2026-09-03 18:33:28.100 [info] > git status -z -uall [13ms]
2026-09-03 18:33:28.430 [info] > git check-ignore -v -z --stdin [22ms]
2026-09-03 18:33:29.223 [info] > git add -A -- store.db [25ms]
2026-09-03 18:33:29.238 [info] > git config --get commit.template [14ms]
2026-09-03 18:33:29.241 [info] > git for-each-ref --format=%(refname)%00%(upstream:short)%00%(objectname)%00%(upstream:track)%00%(upstream:remotename)%00%(upstream:remoteref) --ignore-case refs/heads/main refs/remotes/main [16ms]
2026-09-03 18:33:29.256 [info] > git for-each-ref --sort -committerdate --format %(refname)%00%(objectname)%00%(*objectname) [14ms]
2026-09-03 18:33:29.257 [info] > git status -z -uall [15ms]
2026-09-03 18:33:29.584 [info] > git check-ignore -v -z --stdin [19ms]
2026-09-03 18:33:30.242 [info] > git add -A -- dummy/invalid_users.txt [24ms]
2026-09-03 18:33:30.259 [info] > git config --get commit.template [15ms]
2026-09-03 18:33:30.260 [info] > git for-each-ref --format=%(refname)%00%(upstream:short)%00%(objectname)%00%(upstream:track)%00%(upstream:remotename)%00%(upstream:remoteref) --ignore-case refs/heads/main refs/remotes/main [16ms]
2026-09-03 18:33:30.274 [info] > git for-each-ref --sort -committerdate --format %(refname)%00%(objectname)%00%(*objectname) [13ms]
2026-09-03 18:33:30.274 [info] > git status -z -uall [13ms]
2026-09-03 18:33:30.606 [info] > git check-ignore -v -z --stdin [24ms]
2026-09-03 18:33:31.211 [info] > git add -A -- Session 15_Inheritance_Polymorphism_&_Encapsulation/practice-Aanya.py [25ms]
2026-09-03 18:33:31.228 [info] > git config --get commit.template [15ms]
2026-09-03 18:33:31.230 [info] > git for-each-ref --format=%(refname)%00%(upstream:short)%00%(objectname)%00%(upstream:track)%00%(upstream:remotename)%00%(upstream:remoteref) --ignore-case refs/heads/main refs/remotes/main [17ms]
2026-09-03 18:33:31.244 [info] > git for-each-ref --sort -committerdate --format %(refname)%00%(objectname)%00%(*objectname) [13ms]
2026-09-03 18:33:31.245 [info] > git status -z -uall [14ms]
2026-09-03 18:33:31.573 [info] > git check-ignore -v -z --stdin [21ms]
2026-09-03 18:33:38.838 [info] > git add -A -- Session_19_Joins_Python_Databases/aanya_practice.py [26ms]
2026-09-03 18:33:38.856 [info] > git config --get commit.template [16ms]
2026-09-03 18:33:38.857 [info] > git for-each-ref --format=%(refname)%00%(upstream:short)%00%(objectname)%00%(upstream:track)%00%(upstream:remotename)%00%(upstream:remoteref) --ignore-case refs/heads/main refs/remotes/main [17ms]
2026-09-03 18:33:38.870 [info] > git for-each-ref --sort -committerdate --format %(refname)%00%(objectname)%00%(*objectname) [11ms]
2026-09-03 18:33:38.871 [info] > git status -z -uall [13ms]
2026-09-03 18:33:39.206 [info] > git check-ignore -v -z --stdin [21ms]
2026-09-03 18:33:40.152 [info] > git add -A -- Doubt_Sessions/2026-08-13/solutions.py [26ms]
2026-09-03 18:33:40.169 [info] > git config --get commit.template [16ms]
2026-09-03 18:33:40.170 [info] > git for-each-ref --format=%(refname)%00%(upstream:short)%00%(objectname)%00%(upstream:track)%00%(upstream:remotename)%00%(upstream:remoteref) --ignore-case refs/heads/main refs/remotes/main [16ms]
2026-09-03 18:33:40.184 [info] > git for-each-ref --sort -committerdate --format %(refname)%00%(objectname)%00%(*objectname) [13ms]
2026-09-03 18:33:40.185 [info] > git status -z -uall [15ms]
2026-09-03 18:33:40.515 [info] > git check-ignore -v -z --stdin [22ms]
2026-09-03 18:33:54.213 [info] > git add -A -- Session_19_Joins_Python_Databases/class.py [19ms]
2026-09-03 18:33:54.227 [info] > git config --get commit.template [13ms]
2026-09-03 18:33:54.229 [info] > git for-each-ref --format=%(refname)%00%(upstream:short)%00%(objectname)%00%(upstream:track)%00%(upstream:remotename)%00%(upstream:remoteref) --ignore-case refs/heads/main refs/remotes/main [14ms]
2026-09-03 18:33:54.243 [info] > git for-each-ref --sort -committerdate --format %(refname)%00%(objectname)%00%(*objectname) [12ms]
2026-09-03 18:33:54.244 [info] > git status -z -uall [14ms]
2026-09-03 18:33:54.280 [info] > git -c user.useConfigOnly=true commit --quiet --allow-empty-message --file - [33ms]
2026-09-03 18:33:54.291 [info] > git config --get commit.template [10ms]
2026-09-03 18:33:54.305 [info] > git config --get commit.template [12ms]
2026-09-03 18:33:54.306 [info] > git for-each-ref --format=%(refname)%00%(upstream:short)%00%(objectname)%00%(upstream:track)%00%(upstream:remotename)%00%(upstream:remoteref) --ignore-case refs/heads/main refs/remotes/main [13ms]
2026-09-03 18:33:54.321 [info] > git for-each-ref --sort -committerdate --format %(refname)%00%(objectname)%00%(*objectname) [14ms]
2026-09-03 18:33:54.322 [info] > git status -z -uall [16ms]
2026-09-03 18:33:54.360 [info] > git merge-base refs/heads/main refs/remotes/origin/main [36ms]
2026-09-03 18:33:54.372 [info] > git blame --root --incremental 3438f75b994d8aa61c230ffd361f90de4a05bf31 -- S10_A01.py [49ms]
2026-09-03 18:33:54.380 [info] > git diff --raw --numstat --diff-filter=ADMR -z --find-renames=50% a3fe5cd7612a088ba95e07179f6eff747ff12275...refs/remotes/origin/main -- [19ms]
2026-09-03 18:33:54.461 [info] > git log --format=%H%n%aN%n%aE%n%at%n%ct%n%P%n%D%n%B -z --shortstat --diff-merges=first-parent -n50 --skip=0 --topo-order --decorate=full --stdin [130ms]
2026-09-03 18:33:54.492 [info] > git merge-base main origin/main [22ms]
2026-09-03 18:33:54.639 [info] > git check-ignore -v -z --stdin [13ms]
2026-09-03 18:33:55.197 [info] > git push origin main:main [871ms]
2026-09-03 18:33:55.197 [info] To https://github.com/aanyagoyal28-crypto/Praksh-Academy.git
 ! [rejected]        main -> main (non-fast-forward)
error: failed to push some refs to 'https://github.com/aanyagoyal28-crypto/Praksh-Academy.git'
hint: Updates were rejected because the tip of your current branch is behind
hint: its remote counterpart. Integrate the remote changes (e.g.
hint: 'git pull ...') before pushing again.
hint: See the 'Note about fast-forwards' in 'git push --help' for details.
2026-09-03 18:33:55.214 [info] > git config --get commit.template [15ms]
2026-09-03 18:33:55.215 [info] > git for-each-ref --format=%(refname)%00%(upstream:short)%00%(objectname)%00%(upstream:track)%00%(upstream:remotename)%00%(upstream:remoteref) --ignore-case refs/heads/main refs/remotes/main [15ms]
2026-09-03 18:33:55.230 [info] > git for-each-ref --sort -committerdate --format %(refname)%00%(objectname)%00%(*objectname) [13ms]
2026-09-03 18:33:55.232 [info] > git status -z -uall [15ms]
2026-09-03 18:33:55.251 [info] > git config --get commit.template [14ms]
2026-09-03 18:33:55.252 [info] > git for-each-ref --format=%(refname)%00%(upstream:short)%00%(objectname)%00%(upstream:track)%00%(upstream:remotename)%00%(upstream:remoteref) --ignore-case refs/heads/main refs/remotes/main [14ms]
2026-09-03 18:33:55.267 [info] > git for-each-ref --sort -committerdate --format %(refname)%00%(objectname)%00%(*objectname) [13ms]
2026-09-03 18:33:55.267 [info] > git status -z -uall [14ms]
2026-09-03 18:34:04.962 [info] > git log --oneline --cherry main...main@{upstream} -- [23ms]
2026-09-03 18:34:05.563 [info] > git pull --tags origin main [600ms]
2026-09-03 18:34:05.563 [info] From https://github.com/aanyagoyal28-crypto/Praksh-Academy
 * branch            main       -> FETCH_HEAD
hint: You have divergent branches and need to specify how to reconcile them.
hint: You can do so by running one of the following commands sometime before
hint: your next pull:
hint: 
hint:   git config pull.rebase false  # merge
hint:   git config pull.rebase true   # rebase
hint:   git config pull.ff only       # fast-forward only
hint: 
hint: You can replace "git config" with "git config --global" to set a default
hint: preference for all repositories. You can also pass --rebase, --no-rebase,
hint: or --ff-only on the command line to override the configured default per
hint: invocation.
fatal: Need to specify how to reconcile divergent branches.
2026-09-03 18:34:05.578 [info] > git config --get commit.template [14ms]
2026-09-03 18:34:05.580 [info] > git for-each-ref --format=%(refname)%00%(upstream:short)%00%(objectname)%00%(upstream:track)%00%(upstream:remotename)%00%(upstream:remoteref) --ignore-case refs/heads/main refs/remotes/main [15ms]
2026-09-03 18:34:05.596 [info] > git for-each-ref --sort -committerdate --format %(refname)%00%(objectname)%00%(*objectname) [14ms]
2026-09-03 18:34:05.597 [info] > git status -z -uall [16ms]
2026-09-03 18:34:19.274 [info] > git log --oneline --cherry main...main@{upstream} -- [28ms]
2026-09-03 18:34:19.872 [info] > git pull --tags origin main [597ms]
2026-09-03 18:34:19.872 [info] From https://github.com/aanyagoyal28-crypto/Praksh-Academy
 * branch            main       -> FETCH_HEAD
hint: You have divergent branches and need to specify how to reconcile them.
hint: You can do so by running one of the following commands sometime before
hint: your next pull:
hint: 
hint:   git config pull.rebase false  # merge
hint:   git config pull.rebase true   # rebase
hint:   git config pull.ff only       # fast-forward only
hint: 
hint: You can replace "git config" with "git config --global" to set a default
hint: preference for all repositories. You can also pass --rebase, --no-rebase,
hint: or --ff-only on the command line to override the configured default per
hint: invocation.
fatal: Need to specify how to reconcile divergent branches.
2026-09-03 18:34:19.892 [info] > git config --get commit.template [19ms]
2026-09-03 18:34:19.893 [info] > git for-each-ref --format=%(refname)%00%(upstream:short)%00%(objectname)%00%(upstream:track)%00%(upstream:remotename)%00%(upstream:remoteref) --ignore-case refs/heads/main refs/remotes/main [19ms]
2026-09-03 18:34:19.908 [info] > git for-each-ref --sort -committerdate --format %(refname)%00%(objectname)%00%(*objectname) [14ms]
2026-09-03 18:34:19.909 [info] > git status -z -uall [15ms]
2026-09-03 18:34:32.557 [info] > git config --get commit.template [27ms]
2026-09-03 18:34:32.557 [info] > git ls-files --stage -- S10_A01.py [26ms]
2026-09-03 18:34:32.562 [info] > git for-each-ref --format=%(refname)%00%(upstream:short)%00%(objectname)%00%(upstream:track)%00%(upstream:remotename)%00%(upstream:remoteref) --ignore-case refs/heads/main refs/remotes/main [30ms]
2026-09-03 18:34:32.577 [info] > git cat-file -s 9cbefcc476eceaba71076d868315479ca7e7caec [19ms]
2026-09-03 18:34:32.582 [info] > git for-each-ref --sort -committerdate --format %(refname)%00%(objectname)%00%(*objectname) [18ms]
2026-09-03 18:34:32.584 [info] > git status -z -uall [21ms]
2026-09-03 18:34:32.596 [info] > git show --textconv :S10_A01.py [17ms]
2026-09-03 18:34:37.609 [info] > git config --get commit.template [19ms]
2026-09-03 18:34:37.610 [info] > git for-each-ref --format=%(refname)%00%(upstream:short)%00%(objectname)%00%(upstream:track)%00%(upstream:remotename)%00%(upstream:remoteref) --ignore-case refs/heads/main refs/remotes/main [19ms]
2026-09-03 18:34:37.627 [info] > git for-each-ref --sort -committerdate --format %(refname)%00%(objectname)%00%(*objectname) [16ms]
2026-09-03 18:34:37.628 [info] > git status -z -uall [17ms]
2026-09-03 18:34:41.044 [info] > git log --oneline --cherry main...main@{upstream} -- [43ms]
2026-09-03 18:34:41.660 [info] > git pull --tags origin main [615ms]
2026-09-03 18:34:41.660 [info] From https://github.com/aanyagoyal28-crypto/Praksh-Academy
 * branch            main       -> FETCH_HEAD
hint: You have divergent branches and need to specify how to reconcile them.
hint: You can do so by running one of the following commands sometime before
hint: your next pull:
hint: 
hint:   git config pull.rebase false  # merge
hint:   git config pull.rebase true   # rebase
hint:   git config pull.ff only       # fast-forward only
hint: 
hint: You can replace "git config" with "git config --global" to set a default
hint: preference for all repositories. You can also pass --rebase, --no-rebase,
hint: or --ff-only on the command line to override the configured default per
hint: invocation.
fatal: Need to specify how to reconcile divergent branches.
2026-09-03 18:34:41.679 [info] > git config --get commit.template [18ms]
2026-09-03 18:34:41.680 [info] > git for-each-ref --format=%(refname)%00%(upstream:short)%00%(objectname)%00%(upstream:track)%00%(upstream:remotename)%00%(upstream:remoteref) --ignore-case refs/heads/main refs/remotes/main [18ms]
2026-09-03 18:34:41.701 [info] > git for-each-ref --sort -committerdate --format %(refname)%00%(objectname)%00%(*objectname) [19ms]
2026-09-03 18:34:41.704 [info] > git status -z -uall [23ms]
2026-09-03 18:34:42.763 [info] > git config --get commit.template [23ms]
2026-09-03 18:34:42.766 [info] > git for-each-ref --format=%(refname)%00%(upstream:short)%00%(objectname)%00%(upstream:track)%00%(upstream:remotename)%00%(upstream:remoteref) --ignore-case refs/heads/main refs/remotes/main [24ms]
2026-09-03 18:34:42.784 [info] > git for-each-ref --sort -committerdate --format %(refname)%00%(objectname)%00%(*objectname) [16ms]
2026-09-03 18:34:42.785 [info] > git status -z -uall [18ms]
2026-09-03 18:34:42.853 [info] > git ls-files --stage -- S10_A01.py [13ms]
2026-09-03 18:34:42.871 [info] > git cat-file -s 9cbefcc476eceaba71076d868315479ca7e7caec [17ms]
2026-09-03 18:34:42.884 [info] > git show --textconv :S10_A01.py [12ms]
2026-09-03 18:34:54.144 [info] > git log --format=%H%n%aN%n%aE%n%at%n%ct%n%P%n%D%n%B -z --shortstat --diff-merges=first-parent -n50 --skip=0 --topo-order --decorate=full --stdin [137ms]
2026-09-03 18:34:54.169 [info] > git merge-base main origin/main [14ms]
2026-09-03 18:34:58.374 [info] > git add -A -- S10_A01.py [24ms]
2026-09-03 18:34:58.393 [info] > git config --get commit.template [18ms]
2026-09-03 18:34:58.395 [info] > git for-each-ref --format=%(refname)%00%(upstream:short)%00%(objectname)%00%(upstream:track)%00%(upstream:remotename)%00%(upstream:remoteref) --ignore-case refs/heads/main refs/remotes/main [19ms]
2026-09-03 18:34:58.410 [info] > git for-each-ref --sort -committerdate --format %(refname)%00%(objectname)%00%(*objectname) [14ms]
2026-09-03 18:34:58.411 [info] > git status -z -uall [15ms]
2026-09-03 18:34:58.732 [info] > git check-ignore -v -z --stdin [17ms]
2026-09-03 18:34:58.749 [info] > git ls-tree -l HEAD -- S10_A01.py [14ms]
2026-09-03 18:34:58.750 [info] > git show --textconv HEAD:S10_A01.py [16ms]
2026-09-03 18:34:59.821 [info] > git config --get commit.template [25ms]
2026-09-03 18:34:59.824 [info] > git for-each-ref --format=%(refname)%00%(upstream:short)%00%(objectname)%00%(upstream:track)%00%(upstream:remotename)%00%(upstream:remoteref) --ignore-case refs/heads/main refs/remotes/main [26ms]
2026-09-03 18:34:59.845 [info] > git for-each-ref --sort -committerdate --format %(refname)%00%(objectname)%00%(*objectname) [19ms]
2026-09-03 18:34:59.846 [info] > git status -z -uall [21ms]
2026-09-03 18:34:59.908 [info] > git ls-files --stage -- S10_A01.py [12ms]
2026-09-03 18:34:59.908 [info] > git ls-tree -l HEAD -- S10_A01.py [12ms]
2026-09-03 18:34:59.927 [info] > git cat-file -s a1b6e9c762f39d9e03544989b250115e1cd79666 [19ms]
2026-09-03 18:34:59.928 [info] > git show --textconv HEAD:S10_A01.py [18ms]
2026-09-03 18:34:59.942 [info] > git show --textconv :S10_A01.py [14ms]
2026-09-03 18:35:00.163 [info] > git check-ignore -v -z --stdin [17ms]
2026-09-03 18:35:00.460 [info] > git add -A -- Session-0_Env_Setup/Test.py [24ms]
2026-09-03 18:35:00.477 [info] > git config --get commit.template [16ms]
2026-09-03 18:35:00.478 [info] > git for-each-ref --format=%(refname)%00%(upstream:short)%00%(objectname)%00%(upstream:track)%00%(upstream:remotename)%00%(upstream:remoteref) --ignore-case refs/heads/main refs/remotes/main [16ms]
2026-09-03 18:35:00.500 [info] > git for-each-ref --sort -committerdate --format %(refname)%00%(objectname)%00%(*objectname) [20ms]
2026-09-03 18:35:00.501 [info] > git status -z -uall [22ms]
2026-09-03 18:35:00.830 [info] > git check-ignore -v -z --stdin [22ms]
2026-09-03 18:35:01.671 [info] > git ls-files --stage -- S10_A01.py [20ms]
2026-09-03 18:35:01.671 [info] > git ls-tree -l HEAD -- S10_A01.py [19ms]
2026-09-03 18:35:01.690 [info] > git cat-file -s a1b6e9c762f39d9e03544989b250115e1cd79666 [19ms]
2026-09-03 18:35:01.693 [info] > git show --textconv HEAD:S10_A01.py [19ms]
2026-09-03 18:35:01.708 [info] > git show --textconv :S10_A01.py [16ms]
2026-09-03 18:35:04.875 [info] > git config --get commit.template [23ms]
2026-09-03 18:35:04.877 [info] > git for-each-ref --format=%(refname)%00%(upstream:short)%00%(objectname)%00%(upstream:track)%00%(upstream:remotename)%00%(upstream:remoteref) --ignore-case refs/heads/main refs/remotes/main [24ms]
2026-09-03 18:35:04.897 [info] > git for-each-ref --sort -committerdate --format %(refname)%00%(objectname)%00%(*objectname) [18ms]
2026-09-03 18:35:04.898 [info] > git status -z -uall [19ms]
2026-09-03 18:35:09.060 [info] > git -c user.useConfigOnly=true commit --quiet --allow-empty-message --file - [53ms]
2026-09-03 18:35:09.076 [info] > git config --get commit.template [14ms]
2026-09-03 18:35:09.094 [info] > git config --get commit.template [17ms]
2026-09-03 18:35:09.095 [info] > git for-each-ref --format=%(refname)%00%(upstream:short)%00%(objectname)%00%(upstream:track)%00%(upstream:remotename)%00%(upstream:remoteref) --ignore-case refs/heads/main refs/remotes/main [17ms]
2026-09-03 18:35:09.110 [info] > git for-each-ref --sort -committerdate --format %(refname)%00%(objectname)%00%(*objectname) [13ms]
2026-09-03 18:35:09.112 [info] > git status -z -uall [16ms]
2026-09-03 18:35:09.133 [info] > git merge-base refs/heads/main refs/remotes/origin/main [18ms]
2026-09-03 18:35:09.134 [info] > git blame --root --incremental 86e0057706ab2d59a5f472eeba8a87326e89c82c -- S10_A01.py [20ms]
2026-09-03 18:35:09.180 [info] > git diff --raw --numstat --diff-filter=ADMR -z --find-renames=50% a3fe5cd7612a088ba95e07179f6eff747ff12275...refs/remotes/origin/main -- [46ms]
2026-09-03 18:35:09.233 [info] > git log --format=%H%n%aN%n%aE%n%at%n%ct%n%P%n%D%n%B -z --shortstat --diff-merges=first-parent -n50 --skip=0 --topo-order --decorate=full --stdin [105ms]
2026-09-03 18:35:09.260 [info] > git merge-base main origin/main [17ms]
2026-09-03 18:35:09.430 [info] > git check-ignore -v -z --stdin [15ms]
2026-09-03 18:35:09.961 [info] > git push origin main:main [845ms]
2026-09-03 18:35:09.961 [info] To https://github.com/aanyagoyal28-crypto/Praksh-Academy.git
 ! [rejected]        main -> main (non-fast-forward)
error: failed to push some refs to 'https://github.com/aanyagoyal28-crypto/Praksh-Academy.git'
hint: Updates were rejected because the tip of your current branch is behind
hint: its remote counterpart. Integrate the remote changes (e.g.
hint: 'git pull ...') before pushing again.
hint: See the 'Note about fast-forwards' in 'git push --help' for details.
2026-09-03 18:35:09.977 [info] > git config --get commit.template [14ms]
2026-09-03 18:35:09.978 [info] > git for-each-ref --format=%(refname)%00%(upstream:short)%00%(objectname)%00%(upstream:track)%00%(upstream:remotename)%00%(upstream:remoteref) --ignore-case refs/heads/main refs/remotes/main [15ms]
2026-09-03 18:35:09.996 [info] > git for-each-ref --sort -committerdate --format %(refname)%00%(objectname)%00%(*objectname) [17ms]
2026-09-03 18:35:09.996 [info] > git status -z -uall [17ms]
2026-09-03 18:35:10.018 [info] > git config --get commit.template [13ms]
2026-09-03 18:35:10.021 [info] > git for-each-ref --format=%(refname)%00%(upstream:short)%00%(objectname)%00%(upstream:track)%00%(upstream:remotename)%00%(upstream:remoteref) --ignore-case refs/heads/main refs/remotes/main [15ms]
2026-09-03 18:35:10.041 [info] > git for-each-ref --sort -committerdate --format %(refname)%00%(objectname)%00%(*objectname) [18ms]
2026-09-03 18:35:10.041 [info] > git status -z -uall [19ms]
2026-09-03 18:35:10.320 [info] > git ls-files --stage -- S10_A01.py [16ms]
2026-09-03 18:35:10.339 [info] > git cat-file -s a1b6e9c762f39d9e03544989b250115e1cd79666 [18ms]
2026-09-03 18:35:10.355 [info] > git show --textconv :S10_A01.py [14ms]
